// Jest Snapshot v1, https://goo.gl/fbAQLP

exports[`getOrganization should handle errors 1`] = `"[object Object]"`;
