// Jest Snapshot v1, https://goo.gl/fbAQLP

exports[`cancelDelivery should handle errors 1`] = `"[object Object]"`;
