// Jest Snapshot v1, https://goo.gl/fbAQLP

exports[`createDelivery should handle errors 1`] = `"[object Object]"`;
