// Jest Snapshot v1, https://goo.gl/fbAQLP

exports[`createQuote should handle errors 1`] = `"[object Object]"`;

exports[`createQuote should throw an error if response.ok is not true 1`] = `"TypeError: response.json is not a function"`;
