// Jest Snapshot v1, https://goo.gl/fbAQLP

exports[`getDelivery should handle errors 1`] = `"[object Object]"`;
