// Jest Snapshot v1, https://goo.gl/fbAQLP

exports[`listDeliveries should handle errors 1`] = `"[object Object]"`;
