// Jest Snapshot v1, https://goo.gl/fbAQLP

exports[`updateDelivery should handle errors 1`] = `"[object Object]"`;
